# serializer version: 1
# name: test_diagnostics
  dict({
    'coordinator': dict({
      'last_update_success': True,
      'update_interval_seconds': 30.0,
    }),
    'entry': dict({
      'data': dict({
        'api_key': '**REDACTED**',
        'host': '**REDACTED**',
        'name': 'Test Instance',
        'scan_interval': 30,
        'selected_monitors': list([
          'http_1',
          'http_2',
          'push_20',
          'icmp_30',
          'tcp_40',
          'dns_50',
          'docker_60',
        ]),
        'stats_period': 'P1D',
      }),
      'options': dict({
      }),
    }),
    'monitors': list([
      dict({
        '_type': 'http',
        'createdAt': '2024-01-01T00:00:00Z',
        'effectiveIntegrations': list([
        ]),
        'enabled': True,
        'expectedHeaders': '**REDACTED**',
        'expectedKeyword': None,
        'expectedKeywordCaseSensitive': False,
        'expectedKeywordNegated': False,
        'expectedStatusCodes': list([
          200,
        ]),
        'failureCountThreshold': 1,
        'followRedirects': True,
        'forceNoCache': False,
        'id': 1,
        'integrations': list([
        ]),
        'lastSSLCheck': '2024-01-01T01:00:00Z',
        'lastUptimeCheck': '2024-01-01T01:00:00Z',
        'latencyHistoryEnabled': True,
        'name': 'My Website',
        'nextSSLCheck': '2024-01-01T01:01:00Z',
        'nextUptimeCheck': '2024-01-01T01:01:00Z',
        'requestBody': None,
        'requestHeaders': '**REDACTED**',
        'requestMethod': 'GET',
        'responseTimeThresholdMillis': None,
        'sensitiveUrl': False,
        'sslCheckEnabled': True,
        'sslError': None,
        'sslExpiryThreshold': 30,
        'sslStatus': 'VALID',
        'sslStatusStartedAt': '2024-01-01T00:00:00Z',
        'sslValidUntil': '2025-01-01T00:00:00Z',
        'statusPages': list([
        ]),
        'updatedAt': None,
        'uptimeCheckInterval': 60,
        'uptimeError': None,
        'uptimeStatus': 'UP',
        'uptimeStatusStartedAt': '2024-01-01T00:00:00Z',
        'url': '**REDACTED**',
      }),
      dict({
        '_type': 'http',
        'createdAt': '2024-01-01T00:00:00Z',
        'effectiveIntegrations': list([
        ]),
        'enabled': True,
        'expectedHeaders': '**REDACTED**',
        'expectedKeyword': None,
        'expectedKeywordCaseSensitive': False,
        'expectedKeywordNegated': False,
        'expectedStatusCodes': list([
          200,
        ]),
        'failureCountThreshold': 1,
        'followRedirects': True,
        'forceNoCache': False,
        'id': 2,
        'integrations': list([
        ]),
        'lastSSLCheck': '2024-01-01T01:00:00Z',
        'lastUptimeCheck': '2024-01-01T01:00:00Z',
        'latencyHistoryEnabled': True,
        'name': 'Down Service',
        'nextSSLCheck': '2024-01-01T01:01:00Z',
        'nextUptimeCheck': '2024-01-01T01:01:00Z',
        'requestBody': None,
        'requestHeaders': '**REDACTED**',
        'requestMethod': 'GET',
        'responseTimeThresholdMillis': None,
        'sensitiveUrl': False,
        'sslCheckEnabled': True,
        'sslError': '**REDACTED**',
        'sslExpiryThreshold': 30,
        'sslStatus': 'INVALID',
        'sslStatusStartedAt': '2024-01-01T00:00:00Z',
        'sslValidUntil': '2025-01-01T00:00:00Z',
        'statusPages': list([
        ]),
        'updatedAt': None,
        'uptimeCheckInterval': 60,
        'uptimeError': '**REDACTED**',
        'uptimeStatus': 'DOWN',
        'uptimeStatusStartedAt': '2024-01-01T00:00:00Z',
        'url': '**REDACTED**',
      }),
      dict({
        '_type': 'push',
        'clientSecret': '**REDACTED**',
        'createdAt': '2024-01-01T00:00:00Z',
        'effectiveIntegrations': list([
        ]),
        'enabled': True,
        'failureCountThreshold': 1,
        'gracePeriod': 60,
        'heartbeatInterval': 300,
        'id': 20,
        'integrations': list([
        ]),
        'lastHeartbeat': '2024-01-01T01:00:00Z',
        'lastUptimeCheck': '2024-01-01T01:00:00Z',
        'name': 'My Cron Job',
        'nextExpectedHeartbeat': '2024-01-01T01:05:00Z',
        'statusPages': list([
        ]),
        'updatedAt': None,
        'uptimeError': None,
        'uptimeStatus': 'UP',
        'uptimeStatusStartedAt': '2024-01-01T00:00:00Z',
      }),
      dict({
        '_type': 'icmp',
        'createdAt': '2024-01-01T00:00:00Z',
        'effectiveIntegrations': list([
        ]),
        'enabled': True,
        'failureCountThreshold': 1,
        'host': '**REDACTED**',
        'id': 30,
        'integrations': list([
        ]),
        'lastUptimeCheck': '2024-01-01T01:00:00Z',
        'metricsHistoryEnabled': True,
        'name': 'My Server',
        'nextUptimeCheck': '2024-01-01T01:01:00Z',
        'packetCount': 3,
        'packetLossThreshold': 100,
        'statusPages': list([
        ]),
        'timeoutSeconds': 5,
        'updatedAt': '2024-01-02T00:00:00Z',
        'uptimeCheckInterval': 60,
        'uptimeError': None,
        'uptimeStatus': 'UP',
        'uptimeStatusStartedAt': '2024-01-01T00:00:00Z',
      }),
      dict({
        '_type': 'tcp',
        'createdAt': '2024-01-01T00:00:00Z',
        'effectiveIntegrations': list([
        ]),
        'enabled': True,
        'failureCountThreshold': 1,
        'host': '**REDACTED**',
        'id': 40,
        'inMaintenance': False,
        'integrations': list([
        ]),
        'lastUptimeCheck': '2024-01-01T01:00:00Z',
        'latencyThresholdMs': 1000,
        'maintenanceWindows': list([
        ]),
        'metricsHistoryEnabled': True,
        'name': 'My Database',
        'nextUptimeCheck': '2024-01-01T01:01:00Z',
        'port': 5432,
        'statusPages': list([
        ]),
        'timeoutMs': 5000,
        'updatedAt': '2024-01-02T00:00:00Z',
        'uptimeCheckInterval': 60,
        'uptimeError': None,
        'uptimeStatus': 'UP',
        'uptimeStatusStartedAt': '2024-01-01T00:00:00Z',
      }),
      dict({
        '_type': 'dns',
        'createdAt': '2024-01-01T00:00:00Z',
        'driftDetectionEnabled': True,
        'driftRecordTypes': list([
          'NS',
          'MX',
        ]),
        'effectiveIntegrations': list([
        ]),
        'enabled': True,
        'expectedResponseCode': 'NOERROR',
        'failureCountThreshold': 1,
        'host': '**REDACTED**',
        'id': 50,
        'inMaintenance': False,
        'integrations': list([
        ]),
        'lastUptimeCheck': '2024-01-01T01:00:00Z',
        'latencyThresholdMs': 1000,
        'maintenanceWindows': list([
        ]),
        'metricsHistoryEnabled': True,
        'name': 'My Domain',
        'nextUptimeCheck': '2024-01-01T01:01:00Z',
        'recordMatchers': list([
          dict({
            'matchType': 'CONTAINS',
            'recordType': 'A',
            'value': '93.184.216.34',
          }),
          dict({
            'matchType': 'EXACT',
            'recordType': 'MX',
            'value': '10 mail.example.com',
          }),
        ]),
        'resolverHost': '**REDACTED**',
        'resolverPort': 53,
        'statusPages': list([
        ]),
        'timeoutMs': 5000,
        'transport': 'UDP',
        'updatedAt': '2024-01-02T00:00:00Z',
        'uptimeCheckInterval': 60,
        'uptimeError': None,
        'uptimeStatus': 'UP',
        'uptimeStatusStartedAt': '2024-01-01T00:00:00Z',
      }),
      dict({
        '_type': 'docker',
        'category': None,
        'container': 'postgres',
        'createdAt': '2024-01-01T00:00:00Z',
        'dockerHost': '**REDACTED**',
        'effectiveIntegrations': list([
        ]),
        'enabled': True,
        'failureCountThreshold': 1,
        'id': 60,
        'ignoreConnectivityCheck': False,
        'image': 'postgres:17',
        'inMaintenance': False,
        'integrations': list([
        ]),
        'lastUptimeCheck': '2024-01-01T01:00:00Z',
        'maintenanceWindows': list([
        ]),
        'metricsHistoryEnabled': True,
        'name': 'My Container',
        'nextUptimeCheck': '2024-01-01T01:01:00Z',
        'statusPages': list([
        ]),
        'timeoutMs': 5000,
        'updatedAt': '2024-01-02T00:00:00Z',
        'uptimeCheckInterval': 60,
        'uptimeError': None,
        'uptimeStatus': 'UP',
        'uptimeStatusStartedAt': '2024-01-01T00:00:00Z',
      }),
    ]),
    'read_only_types': list([
    ]),
    'stats': dict({
      'dns_50': dict({
        'id': 50,
        'latencyStats': dict({
          'averageLatencyInMs': 12,
          'maxLatencyInMs': 40,
          'minLatencyInMs': 5,
          'p90LatencyInMs': 20,
          'p95LatencyInMs': 30,
          'p99LatencyInMs': 40,
        }),
        'metricsHistoryEnabled': True,
        'uptimeHistory': dict({
          'affectedMonitors': 0,
          'incidents': 0,
          'period': 'PT24H',
          'totalDowntimeSeconds': 5,
          'uptimeRatio': 0.9998,
        }),
      }),
      'docker_60': dict({
        'cpuStats': dict({
          'averageCpuUsagePercentage': 3.5,
          'maxCpuUsagePercentage': 12.8,
          'minCpuUsagePercentage': 0.2,
        }),
        'id': 60,
        'memoryStats': dict({
          'averageMemoryUsageBytes': 104857600,
          'maxMemoryUsageBytes': 209715200,
          'minMemoryUsageBytes': 52428800,
        }),
        'metricsHistoryEnabled': True,
        'uptimeHistory': dict({
          'affectedMonitors': 0,
          'incidents': 0,
          'period': 'PT24H',
          'totalDowntimeSeconds': 8,
          'uptimeRatio': 0.9997,
        }),
      }),
      'http_1': dict({
        'id': 1,
        'latencyHistoryEnabled': True,
        'latencyStats': dict({
          'averageLatencyInMs': 123,
          'maxLatencyInMs': 200,
          'minLatencyInMs': 80,
          'p90LatencyInMs': 180,
          'p95LatencyInMs': 195,
          'p99LatencyInMs': 199,
        }),
        'uptimeHistory': dict({
          'affectedMonitors': 0,
          'incidents': 0,
          'period': 'PT24H',
          'totalDowntimeSeconds': 45,
          'uptimeRatio': 0.9987,
        }),
      }),
      'http_2': dict({
        'id': 2,
        'latencyHistoryEnabled': False,
        'latencyStats': None,
        'uptimeHistory': dict({
          'affectedMonitors': 1,
          'incidents': 1,
          'period': 'PT24H',
          'totalDowntimeSeconds': 43200,
          'uptimeRatio': 0.5,
        }),
      }),
      'icmp_30': dict({
        'id': 30,
        'latencyStats': dict({
          'averageLatencyInMs': 10,
          'maxLatencyInMs': 20,
          'minLatencyInMs': 5,
          'p90LatencyInMs': 18,
          'p95LatencyInMs': 19,
          'p99LatencyInMs': 20,
        }),
        'metricsHistoryEnabled': True,
        'packetLossStats': dict({
          'averagePacketLossPercentage': 0,
          'maxPacketLossPercentage': 0,
          'minPacketLossPercentage': 0,
          'p90PacketLossPercentage': 0,
          'p95PacketLossPercentage': 0,
          'p99PacketLossPercentage': 0,
        }),
        'uptimeHistory': dict({
          'affectedMonitors': 0,
          'incidents': 0,
          'period': 'PT24H',
          'totalDowntimeSeconds': 5,
          'uptimeRatio': 0.9999,
        }),
      }),
      'push_20': dict({
        'id': 20,
        'uptimeHistory': dict({
          'affectedMonitors': 0,
          'incidents': 0,
          'period': 'PT24H',
          'totalDowntimeSeconds': 0,
          'uptimeRatio': None,
        }),
      }),
      'tcp_40': dict({
        'id': 40,
        'latencyStats': dict({
          'averageLatencyInMs': 15,
          'maxLatencyInMs': 30,
          'minLatencyInMs': 8,
          'p90LatencyInMs': 25,
          'p95LatencyInMs': 28,
          'p99LatencyInMs': 30,
        }),
        'metricsHistoryEnabled': True,
        'uptimeHistory': dict({
          'affectedMonitors': 0,
          'incidents': 0,
          'period': 'PT24H',
          'totalDowntimeSeconds': 10,
          'uptimeRatio': 0.9995,
        }),
      }),
    }),
    'update_checks_enabled': True,
    'version_info': dict({
      'installedVersion': '2.1.0',
      'isUpToDate': False,
      'latestVersion': '2.2.0',
      'latestVersionDetails': 'https://github.com/kuvasz-uptime/kuvasz/releases/tag/v2.2.0',
    }),
  })
# ---
